2026-09-27 22:41:25 | INFO     | 8d510e6a | 🔌 Creating async database engine for localhost:5432/chronos
2026-09-27 22:41:25 | INFO     | 8d510e6a | ✅ Database engine created successfully
2026-09-27 22:41:26 | INFO     | 8d510e6a | 🚀 Starting Chronos Search Engine v3.0.0-masterpiece
2026-09-27 22:41:26 | INFO     | 8d510e6a | Environment: production
2026-09-27 22:41:26 | INFO     | 8d510e6a | Debug mode: False
2026-09-27 22:41:27 | INFO     | 8d510e6a | ✅ Database initialized successfully
2026-09-27 22:41:27 | INFO     | 8d510e6a | ✅ Database initialized
2026-09-27 22:41:27 | INFO     | 8d510e6a | ✅ Database health: healthy
2026-09-27 22:44:26 | INFO     | f681e0d8 | 🔌 Creating async database engine for localhost:5432/chronos
2026-09-27 22:44:26 | INFO     | f681e0d8 | ✅ Database engine created successfully
2026-09-27 22:44:27 | INFO     | f681e0d8 | 🚀 Starting Chronos Search Engine v3.0.0-masterpiece
2026-09-27 22:44:27 | INFO     | f681e0d8 | Environment: production
2026-09-27 22:44:27 | INFO     | f681e0d8 | Debug mode: False
2026-09-27 22:44:27 | INFO     | f681e0d8 | ✅ Database initialized successfully
2026-09-27 22:44:27 | INFO     | f681e0d8 | ✅ Database initialized
2026-09-27 22:44:27 | INFO     | f681e0d8 | ✅ Database health: healthy
2026-09-27 22:44:29 | INFO     | f681e0d8 | ✅ Redis connection established
2026-09-27 22:44:29 | INFO     | f681e0d8 | ✅ Chronos Search Engine is ready!
2026-09-27 22:44:29 | INFO     | f681e0d8 | 📍 API: http://0.0.0.0:8000/api/v1
2026-09-27 22:44:29 | INFO     | f681e0d8 | 📍 Docs: http://0.0.0.0:8000/docs
2026-09-27 22:44:29 | INFO     | f681e0d8 | 🛑 Chronos Search Engine shutting down...
2026-09-27 22:44:29 | INFO     | f681e0d8 | ✅ Database connections closed
2026-09-27 22:45:36 | INFO     | 3dcd44b9 | 🔌 Creating async database engine for localhost:5432/chronos
2026-09-27 22:45:36 | INFO     | 3dcd44b9 | ✅ Database engine created successfully
2026-09-27 22:45:36 | INFO     | 3dcd44b9 | 🚀 Starting Chronos Search Engine v3.0.0-masterpiece
2026-09-27 22:45:36 | INFO     | 3dcd44b9 | Environment: production
2026-09-27 22:45:36 | INFO     | 3dcd44b9 | Debug mode: False
2026-09-27 22:45:37 | INFO     | 3dcd44b9 | ✅ Database initialized successfully
2026-09-27 22:45:37 | INFO     | 3dcd44b9 | ✅ Database initialized
2026-09-27 22:45:37 | INFO     | 3dcd44b9 | ✅ Database health: healthy
2026-09-27 22:45:39 | INFO     | 3dcd44b9 | ✅ Redis connection established
2026-09-27 22:45:39 | INFO     | 3dcd44b9 | ✅ Chronos Search Engine is ready!
2026-09-27 22:45:39 | INFO     | 3dcd44b9 | 📍 API: http://0.0.0.0:8000/api/v1
2026-09-27 22:45:39 | INFO     | 3dcd44b9 | 📍 Docs: http://0.0.0.0:8000/docs
2026-09-27 22:45:44 | INFO     | 3dcd44b9 | Request: GET /api/v1/health/detailed
2026-09-27 22:45:44 | INFO     | 3dcd44b9 | Response: GET /api/v1/health/detailed -> 400
2026-09-28 14:58:03 | INFO     | 5db35fca | 🔌 Creating async database engine for localhost:5432/chronos
2026-09-28 14:58:03 | INFO     | 5db35fca | ✅ Database engine created successfully
2026-09-28 15:09:34 | INFO     | 5235546c | 🔌 Creating async database engine for localhost:5432/chronos
2026-09-28 15:09:34 | INFO     | 5235546c | ✅ Database engine created successfully
